// Jest Snapshot v1, https://goo.gl/fbAQLP

exports[`cross-app 1`] = `
"{\\"id\\":\\"meta\\",\\"type\\":\\"vertex\\",\\"label\\":\\"metaData\\",\\"projectRoot\\":\\"file:///\\",\\"version\\":\\"0.4.0\\",\\"positionEncoding\\":\\"utf-16\\",\\"toolInfo\\":{\\"name\\":\\"lsif-cpp\\",\\"args\\":[\\"examples/cross-app/output/*.csv\\",\\"examples/cross-app/root\\"],\\"version\\":\\"dev\\"}}
{\\"id\\":\\"project\\",\\"type\\":\\"vertex\\",\\"label\\":\\"project\\",\\"kind\\":\\"cpp\\"}
{\\"id\\":\\"projectBegin\\",\\"data\\":\\"project\\",\\"type\\":\\"vertex\\",\\"label\\":\\"$event\\",\\"kind\\":\\"begin\\",\\"scope\\":\\"project\\"}
{\\"id\\":\\"document:lib.h\\",\\"type\\":\\"vertex\\",\\"label\\":\\"document\\",\\"uri\\":\\"file:///lib.h\\",\\"languageId\\":\\"cpp\\",\\"contents\\":\\"Y2hhciAqdXBwZXJjYXNlKGNoYXIgKnN0cik7Cg==\\"}
{\\"id\\":\\"documentBegin:lib.h\\",\\"data\\":\\"document:lib.h\\",\\"type\\":\\"vertex\\",\\"label\\":\\"$event\\",\\"kind\\":\\"begin\\",\\"scope\\":\\"document\\"}
{\\"id\\":\\"document:app.cpp\\",\\"type\\":\\"vertex\\",\\"label\\":\\"document\\",\\"uri\\":\\"file:///app.cpp\\",\\"languageId\\":\\"cpp\\",\\"contents\\":\\"I2luY2x1ZGUgImxpYi5oIgoKaW50IG1haW4oKSB7CiAgICAvLyBUT0RPIHN1cHBvcnQgcHJpbnRmIChubyBkZWZsb2Mgb24gdGhlIHJlZikKICAgIC8vIHByaW50ZigiaGVsbG8sICVzXG4iLCB1cHBlcmNhc2UoIndvcmxkIikpOwogICAgdXBwZXJjYXNlKCJ3b3JsZCIpOwp9Cg==\\"}
{\\"id\\":\\"documentBegin:app.cpp\\",\\"data\\":\\"document:app.cpp\\",\\"type\\":\\"vertex\\",\\"label\\":\\"$event\\",\\"kind\\":\\"begin\\",\\"scope\\":\\"document\\"}
{\\"id\\":\\"lib.h:0:6\\",\\"type\\":\\"vertex\\",\\"label\\":\\"range\\",\\"start\\":{\\"line\\":0,\\"character\\":6},\\"end\\":{\\"line\\":0,\\"character\\":6}}
{\\"id\\":\\"app.cpp:5:4\\",\\"type\\":\\"vertex\\",\\"label\\":\\"range\\",\\"start\\":{\\"line\\":5,\\"character\\":4},\\"end\\":{\\"line\\":5,\\"character\\":13}}
{\\"id\\":\\"resultSet:lib.h:0:6\\",\\"label\\":\\"resultSet\\",\\"type\\":\\"vertex\\"}
{\\"id\\":\\"next:lib.h:0:6\\",\\"type\\":\\"edge\\",\\"label\\":\\"next\\",\\"outV\\":\\"lib.h:0:6\\",\\"inV\\":\\"resultSet:lib.h:0:6\\"}
{\\"id\\":\\"moniker:lib.h:0:6\\",\\"label\\":\\"moniker\\",\\"type\\":\\"vertex\\",\\"identifier\\":\\"uppercase(char *)\\",\\"kind\\":\\"import\\",\\"scheme\\":\\"cpp\\"}
{\\"id\\":\\"moniker:lib.h:0:6\\",\\"label\\":\\"moniker\\",\\"type\\":\\"edge\\",\\"inV\\":\\"moniker:lib.h:0:6\\",\\"outV\\":\\"resultSet:lib.h:0:6\\"}
{\\"id\\":\\"contains:lib.h\\",\\"type\\":\\"edge\\",\\"label\\":\\"contains\\",\\"outV\\":\\"document:lib.h\\",\\"inVs\\":[\\"lib.h:0:6\\"]}
{\\"id\\":\\"documentEnd:lib.h\\",\\"data\\":\\"document:lib.h\\",\\"type\\":\\"vertex\\",\\"label\\":\\"$event\\",\\"kind\\":\\"end\\",\\"scope\\":\\"document\\"}
{\\"id\\":\\"contains:app.cpp\\",\\"type\\":\\"edge\\",\\"label\\":\\"contains\\",\\"outV\\":\\"document:app.cpp\\",\\"inVs\\":[\\"app.cpp:5:4\\"]}
{\\"id\\":\\"documentEnd:app.cpp\\",\\"data\\":\\"document:app.cpp\\",\\"type\\":\\"vertex\\",\\"label\\":\\"$event\\",\\"kind\\":\\"end\\",\\"scope\\":\\"document\\"}
{\\"id\\":\\"projectContains\\",\\"type\\":\\"edge\\",\\"label\\":\\"contains\\",\\"outV\\":\\"project\\",\\"inVs\\":[\\"document:lib.h\\",\\"document:app.cpp\\"]}
{\\"id\\":\\"projectEnd\\",\\"data\\":\\"project\\",\\"type\\":\\"vertex\\",\\"label\\":\\"$event\\",\\"kind\\":\\"end\\",\\"scope\\":\\"project\\"}"
`;

exports[`cross-lib 1`] = `
"{\\"id\\":\\"meta\\",\\"type\\":\\"vertex\\",\\"label\\":\\"metaData\\",\\"projectRoot\\":\\"file:///\\",\\"version\\":\\"0.4.0\\",\\"positionEncoding\\":\\"utf-16\\",\\"toolInfo\\":{\\"name\\":\\"lsif-cpp\\",\\"args\\":[\\"examples/cross-lib/output/*.csv\\",\\"examples/cross-lib/root\\"],\\"version\\":\\"dev\\"}}
{\\"id\\":\\"project\\",\\"type\\":\\"vertex\\",\\"label\\":\\"project\\",\\"kind\\":\\"cpp\\"}
{\\"id\\":\\"projectBegin\\",\\"data\\":\\"project\\",\\"type\\":\\"vertex\\",\\"label\\":\\"$event\\",\\"kind\\":\\"begin\\",\\"scope\\":\\"project\\"}
{\\"id\\":\\"document:lib.cpp\\",\\"type\\":\\"vertex\\",\\"label\\":\\"document\\",\\"uri\\":\\"file:///lib.cpp\\",\\"languageId\\":\\"cpp\\",\\"contents\\":\\"I2luY2x1ZGUgImxpYi5oIgoKY2hhciAqdXBwZXJjYXNlKGNoYXIgKnN0cikgewogICAgLy8gbm9vcAogICAgcmV0dXJuIHN0cjsKfQo=\\"}
{\\"id\\":\\"documentBegin:lib.cpp\\",\\"data\\":\\"document:lib.cpp\\",\\"type\\":\\"vertex\\",\\"label\\":\\"$event\\",\\"kind\\":\\"begin\\",\\"scope\\":\\"document\\"}
{\\"id\\":\\"document:lib.h\\",\\"type\\":\\"vertex\\",\\"label\\":\\"document\\",\\"uri\\":\\"file:///lib.h\\",\\"languageId\\":\\"cpp\\",\\"contents\\":\\"Y2hhciAqdXBwZXJjYXNlKGNoYXIgKnN0cik7Cg==\\"}
{\\"id\\":\\"documentBegin:lib.h\\",\\"data\\":\\"document:lib.h\\",\\"type\\":\\"vertex\\",\\"label\\":\\"$event\\",\\"kind\\":\\"begin\\",\\"scope\\":\\"document\\"}
{\\"id\\":\\"lib.cpp:2:22\\",\\"type\\":\\"vertex\\",\\"label\\":\\"range\\",\\"start\\":{\\"line\\":2,\\"character\\":22},\\"end\\":{\\"line\\":2,\\"character\\":22}}
{\\"id\\":\\"lib.cpp:4:11\\",\\"type\\":\\"vertex\\",\\"label\\":\\"range\\",\\"start\\":{\\"line\\":4,\\"character\\":11},\\"end\\":{\\"line\\":4,\\"character\\":14}}
{\\"id\\":\\"lib.cpp:2:6\\",\\"type\\":\\"vertex\\",\\"label\\":\\"range\\",\\"start\\":{\\"line\\":2,\\"character\\":6},\\"end\\":{\\"line\\":2,\\"character\\":6}}
{\\"id\\":\\"lib.h:0:6\\",\\"type\\":\\"vertex\\",\\"label\\":\\"range\\",\\"start\\":{\\"line\\":0,\\"character\\":6},\\"end\\":{\\"line\\":0,\\"character\\":15}}
{\\"id\\":\\"resultSet:lib.cpp:2:22\\",\\"label\\":\\"resultSet\\",\\"type\\":\\"vertex\\"}
{\\"id\\":\\"next:lib.cpp:2:22\\",\\"type\\":\\"edge\\",\\"label\\":\\"next\\",\\"outV\\":\\"lib.cpp:2:22\\",\\"inV\\":\\"resultSet:lib.cpp:2:22\\"}
{\\"id\\":\\"definition:lib.cpp:2:22\\",\\"label\\":\\"definitionResult\\",\\"type\\":\\"vertex\\"}
{\\"id\\":\\"textDocument/definition:lib.cpp:2:22\\",\\"type\\":\\"edge\\",\\"label\\":\\"textDocument/definition\\",\\"outV\\":\\"resultSet:lib.cpp:2:22\\",\\"inV\\":\\"definition:lib.cpp:2:22\\"}
{\\"id\\":\\"item:textDocument/definition:lib.cpp:2:22\\",\\"type\\":\\"edge\\",\\"label\\":\\"item\\",\\"outV\\":\\"definition:lib.cpp:2:22\\",\\"inVs\\":[\\"lib.cpp:2:22\\"],\\"document\\":\\"document:lib.cpp\\"}
{\\"id\\":\\"reference:lib.cpp:2:22\\",\\"label\\":\\"referenceResult\\",\\"type\\":\\"vertex\\"}
{\\"id\\":\\"textDocument/references:lib.cpp:2:22\\",\\"type\\":\\"edge\\",\\"label\\":\\"textDocument/references\\",\\"outV\\":\\"resultSet:lib.cpp:2:22\\",\\"inV\\":\\"reference:lib.cpp:2:22\\"}
{\\"id\\":\\"item:textDocument/references:definitions:lib.cpp:2:22\\",\\"type\\":\\"edge\\",\\"label\\":\\"item\\",\\"outV\\":\\"reference:lib.cpp:2:22\\",\\"inVs\\":[\\"lib.cpp:2:22\\"],\\"property\\":\\"definitions\\",\\"document\\":\\"document:lib.cpp\\"}
{\\"id\\":\\"next:lib.cpp:4:11\\",\\"type\\":\\"edge\\",\\"label\\":\\"next\\",\\"outV\\":\\"lib.cpp:4:11\\",\\"inV\\":\\"resultSet:lib.cpp:2:22\\"}
{\\"id\\":\\"item:textDocument/references:references:lib.cpp:2:22:lib.cpp\\",\\"type\\":\\"edge\\",\\"label\\":\\"item\\",\\"outV\\":\\"reference:lib.cpp:2:22\\",\\"inVs\\":[\\"lib.cpp:4:11\\"],\\"property\\":\\"references\\",\\"document\\":\\"document:lib.cpp\\"}
{\\"id\\":\\"resultSet:lib.cpp:2:6\\",\\"label\\":\\"resultSet\\",\\"type\\":\\"vertex\\"}
{\\"id\\":\\"next:lib.cpp:2:6\\",\\"type\\":\\"edge\\",\\"label\\":\\"next\\",\\"outV\\":\\"lib.cpp:2:6\\",\\"inV\\":\\"resultSet:lib.cpp:2:6\\"}
{\\"id\\":\\"definition:lib.cpp:2:6\\",\\"label\\":\\"definitionResult\\",\\"type\\":\\"vertex\\"}
{\\"id\\":\\"textDocument/definition:lib.cpp:2:6\\",\\"type\\":\\"edge\\",\\"label\\":\\"textDocument/definition\\",\\"outV\\":\\"resultSet:lib.cpp:2:6\\",\\"inV\\":\\"definition:lib.cpp:2:6\\"}
{\\"id\\":\\"item:textDocument/definition:lib.cpp:2:6\\",\\"type\\":\\"edge\\",\\"label\\":\\"item\\",\\"outV\\":\\"definition:lib.cpp:2:6\\",\\"inVs\\":[\\"lib.cpp:2:6\\"],\\"document\\":\\"document:lib.cpp\\"}
{\\"id\\":\\"reference:lib.cpp:2:6\\",\\"label\\":\\"referenceResult\\",\\"type\\":\\"vertex\\"}
{\\"id\\":\\"textDocument/references:lib.cpp:2:6\\",\\"type\\":\\"edge\\",\\"label\\":\\"textDocument/references\\",\\"outV\\":\\"resultSet:lib.cpp:2:6\\",\\"inV\\":\\"reference:lib.cpp:2:6\\"}
{\\"id\\":\\"item:textDocument/references:definitions:lib.cpp:2:6\\",\\"type\\":\\"edge\\",\\"label\\":\\"item\\",\\"outV\\":\\"reference:lib.cpp:2:6\\",\\"inVs\\":[\\"lib.cpp:2:6\\"],\\"property\\":\\"definitions\\",\\"document\\":\\"document:lib.cpp\\"}
{\\"id\\":\\"next:lib.h:0:6\\",\\"type\\":\\"edge\\",\\"label\\":\\"next\\",\\"outV\\":\\"lib.h:0:6\\",\\"inV\\":\\"resultSet:lib.cpp:2:6\\"}
{\\"id\\":\\"item:textDocument/references:references:lib.cpp:2:6:lib.h\\",\\"type\\":\\"edge\\",\\"label\\":\\"item\\",\\"outV\\":\\"reference:lib.cpp:2:6\\",\\"inVs\\":[\\"lib.h:0:6\\"],\\"property\\":\\"references\\",\\"document\\":\\"document:lib.h\\"}
{\\"id\\":\\"contains:lib.cpp\\",\\"type\\":\\"edge\\",\\"label\\":\\"contains\\",\\"outV\\":\\"document:lib.cpp\\",\\"inVs\\":[\\"lib.cpp:2:22\\",\\"lib.cpp:4:11\\",\\"lib.cpp:2:6\\"]}
{\\"id\\":\\"documentEnd:lib.cpp\\",\\"data\\":\\"document:lib.cpp\\",\\"type\\":\\"vertex\\",\\"label\\":\\"$event\\",\\"kind\\":\\"end\\",\\"scope\\":\\"document\\"}
{\\"id\\":\\"contains:lib.h\\",\\"type\\":\\"edge\\",\\"label\\":\\"contains\\",\\"outV\\":\\"document:lib.h\\",\\"inVs\\":[\\"lib.h:0:6\\"]}
{\\"id\\":\\"documentEnd:lib.h\\",\\"data\\":\\"document:lib.h\\",\\"type\\":\\"vertex\\",\\"label\\":\\"$event\\",\\"kind\\":\\"end\\",\\"scope\\":\\"document\\"}
{\\"id\\":\\"projectContains\\",\\"type\\":\\"edge\\",\\"label\\":\\"contains\\",\\"outV\\":\\"project\\",\\"inVs\\":[\\"document:lib.cpp\\",\\"document:lib.h\\"]}
{\\"id\\":\\"projectEnd\\",\\"data\\":\\"project\\",\\"type\\":\\"vertex\\",\\"label\\":\\"$event\\",\\"kind\\":\\"end\\",\\"scope\\":\\"project\\"}"
`;

exports[`five 1`] = `
"{\\"id\\":\\"meta\\",\\"type\\":\\"vertex\\",\\"label\\":\\"metaData\\",\\"projectRoot\\":\\"file:///\\",\\"version\\":\\"0.4.0\\",\\"positionEncoding\\":\\"utf-16\\",\\"toolInfo\\":{\\"name\\":\\"lsif-cpp\\",\\"args\\":[\\"examples/five/output/*.csv\\",\\"examples/five/root\\"],\\"version\\":\\"dev\\"}}
{\\"id\\":\\"project\\",\\"type\\":\\"vertex\\",\\"label\\":\\"project\\",\\"kind\\":\\"cpp\\"}
{\\"id\\":\\"projectBegin\\",\\"data\\":\\"project\\",\\"type\\":\\"vertex\\",\\"label\\":\\"$event\\",\\"kind\\":\\"begin\\",\\"scope\\":\\"project\\"}
{\\"id\\":\\"document:main.cpp\\",\\"type\\":\\"vertex\\",\\"label\\":\\"document\\",\\"uri\\":\\"file:///main.cpp\\",\\"languageId\\":\\"cpp\\",\\"contents\\":\\"I2luY2x1ZGUgImZpdmUuaCIKCiNkZWZpbmUgVEFCTEVfU0laRSAxMDAKCmludCB4ID0gVEFCTEVfU0laRTsKCmludCBmb3VyKGludCB5KSB7CiAgcmV0dXJuIHk7Cn0KCmludCBtYWluKCkgewogIGZpdmUoeCk7CiAgZm91cih4KTsKICBmaXZlKHNpeCk7Cn0K\\"}
{\\"id\\":\\"documentBegin:main.cpp\\",\\"data\\":\\"document:main.cpp\\",\\"type\\":\\"vertex\\",\\"label\\":\\"$event\\",\\"kind\\":\\"begin\\",\\"scope\\":\\"document\\"}
{\\"id\\":\\"document:five.h\\",\\"type\\":\\"vertex\\",\\"label\\":\\"document\\",\\"uri\\":\\"file:///five.h\\",\\"languageId\\":\\"cpp\\",\\"contents\\":\\"aW50IHNpeDsKaW50IGZpdmUoaW50IHgpOw==\\"}
{\\"id\\":\\"documentBegin:five.h\\",\\"data\\":\\"document:five.h\\",\\"type\\":\\"vertex\\",\\"label\\":\\"$event\\",\\"kind\\":\\"begin\\",\\"scope\\":\\"document\\"}
{\\"id\\":\\"document:five.cpp\\",\\"type\\":\\"vertex\\",\\"label\\":\\"document\\",\\"uri\\":\\"file:///five.cpp\\",\\"languageId\\":\\"cpp\\",\\"contents\\":\\"I2luY2x1ZGUgImZpdmUuaCIKCmludCBmaXZlKGludCB4KSB7CiAgcmV0dXJuIDU7Cn0=\\"}
{\\"id\\":\\"documentBegin:five.cpp\\",\\"data\\":\\"document:five.cpp\\",\\"type\\":\\"vertex\\",\\"label\\":\\"$event\\",\\"kind\\":\\"begin\\",\\"scope\\":\\"document\\"}
{\\"id\\":\\"main.cpp:2:8\\",\\"type\\":\\"vertex\\",\\"label\\":\\"range\\",\\"start\\":{\\"line\\":2,\\"character\\":8},\\"end\\":{\\"line\\":2,\\"character\\":8}}
{\\"id\\":\\"main.cpp:4:8\\",\\"type\\":\\"vertex\\",\\"label\\":\\"range\\",\\"start\\":{\\"line\\":4,\\"character\\":8},\\"end\\":{\\"line\\":4,\\"character\\":18}}
{\\"id\\":\\"main.cpp:6:13\\",\\"type\\":\\"vertex\\",\\"label\\":\\"range\\",\\"start\\":{\\"line\\":6,\\"character\\":13},\\"end\\":{\\"line\\":6,\\"character\\":13}}
{\\"id\\":\\"main.cpp:7:9\\",\\"type\\":\\"vertex\\",\\"label\\":\\"range\\",\\"start\\":{\\"line\\":7,\\"character\\":9},\\"end\\":{\\"line\\":7,\\"character\\":10}}
{\\"id\\":\\"five.h:1:4\\",\\"type\\":\\"vertex\\",\\"label\\":\\"range\\",\\"start\\":{\\"line\\":1,\\"character\\":4},\\"end\\":{\\"line\\":1,\\"character\\":8}}
{\\"id\\":\\"main.cpp:11:2\\",\\"type\\":\\"vertex\\",\\"label\\":\\"range\\",\\"start\\":{\\"line\\":11,\\"character\\":2},\\"end\\":{\\"line\\":11,\\"character\\":6}}
{\\"id\\":\\"main.cpp:4:4\\",\\"type\\":\\"vertex\\",\\"label\\":\\"range\\",\\"start\\":{\\"line\\":4,\\"character\\":4},\\"end\\":{\\"line\\":4,\\"character\\":4}}
{\\"id\\":\\"main.cpp:11:7\\",\\"type\\":\\"vertex\\",\\"label\\":\\"range\\",\\"start\\":{\\"line\\":11,\\"character\\":7},\\"end\\":{\\"line\\":11,\\"character\\":8}}
{\\"id\\":\\"main.cpp:6:4\\",\\"type\\":\\"vertex\\",\\"label\\":\\"range\\",\\"start\\":{\\"line\\":6,\\"character\\":4},\\"end\\":{\\"line\\":6,\\"character\\":4}}
{\\"id\\":\\"main.cpp:12:2\\",\\"type\\":\\"vertex\\",\\"label\\":\\"range\\",\\"start\\":{\\"line\\":12,\\"character\\":2},\\"end\\":{\\"line\\":12,\\"character\\":6}}
{\\"id\\":\\"main.cpp:12:7\\",\\"type\\":\\"vertex\\",\\"label\\":\\"range\\",\\"start\\":{\\"line\\":12,\\"character\\":7},\\"end\\":{\\"line\\":12,\\"character\\":8}}
{\\"id\\":\\"main.cpp:13:2\\",\\"type\\":\\"vertex\\",\\"label\\":\\"range\\",\\"start\\":{\\"line\\":13,\\"character\\":2},\\"end\\":{\\"line\\":13,\\"character\\":6}}
{\\"id\\":\\"five.h:0:4\\",\\"type\\":\\"vertex\\",\\"label\\":\\"range\\",\\"start\\":{\\"line\\":0,\\"character\\":4},\\"end\\":{\\"line\\":0,\\"character\\":4}}
{\\"id\\":\\"main.cpp:13:7\\",\\"type\\":\\"vertex\\",\\"label\\":\\"range\\",\\"start\\":{\\"line\\":13,\\"character\\":7},\\"end\\":{\\"line\\":13,\\"character\\":10}}
{\\"id\\":\\"five.cpp:2:4\\",\\"type\\":\\"vertex\\",\\"label\\":\\"range\\",\\"start\\":{\\"line\\":2,\\"character\\":4},\\"end\\":{\\"line\\":2,\\"character\\":4}}
{\\"id\\":\\"resultSet:main.cpp:2:8\\",\\"label\\":\\"resultSet\\",\\"type\\":\\"vertex\\"}
{\\"id\\":\\"next:main.cpp:2:8\\",\\"type\\":\\"edge\\",\\"label\\":\\"next\\",\\"outV\\":\\"main.cpp:2:8\\",\\"inV\\":\\"resultSet:main.cpp:2:8\\"}
{\\"id\\":\\"definition:main.cpp:2:8\\",\\"label\\":\\"definitionResult\\",\\"type\\":\\"vertex\\"}
{\\"id\\":\\"textDocument/definition:main.cpp:2:8\\",\\"type\\":\\"edge\\",\\"label\\":\\"textDocument/definition\\",\\"outV\\":\\"resultSet:main.cpp:2:8\\",\\"inV\\":\\"definition:main.cpp:2:8\\"}
{\\"id\\":\\"item:textDocument/definition:main.cpp:2:8\\",\\"type\\":\\"edge\\",\\"label\\":\\"item\\",\\"outV\\":\\"definition:main.cpp:2:8\\",\\"inVs\\":[\\"main.cpp:2:8\\"],\\"document\\":\\"document:main.cpp\\"}
{\\"id\\":\\"reference:main.cpp:2:8\\",\\"label\\":\\"referenceResult\\",\\"type\\":\\"vertex\\"}
{\\"id\\":\\"textDocument/references:main.cpp:2:8\\",\\"type\\":\\"edge\\",\\"label\\":\\"textDocument/references\\",\\"outV\\":\\"resultSet:main.cpp:2:8\\",\\"inV\\":\\"reference:main.cpp:2:8\\"}
{\\"id\\":\\"item:textDocument/references:definitions:main.cpp:2:8\\",\\"type\\":\\"edge\\",\\"label\\":\\"item\\",\\"outV\\":\\"reference:main.cpp:2:8\\",\\"inVs\\":[\\"main.cpp:2:8\\"],\\"property\\":\\"definitions\\",\\"document\\":\\"document:main.cpp\\"}
{\\"id\\":\\"next:main.cpp:4:8\\",\\"type\\":\\"edge\\",\\"label\\":\\"next\\",\\"outV\\":\\"main.cpp:4:8\\",\\"inV\\":\\"resultSet:main.cpp:2:8\\"}
{\\"id\\":\\"item:textDocument/references:references:main.cpp:2:8:main.cpp\\",\\"type\\":\\"edge\\",\\"label\\":\\"item\\",\\"outV\\":\\"reference:main.cpp:2:8\\",\\"inVs\\":[\\"main.cpp:4:8\\"],\\"property\\":\\"references\\",\\"document\\":\\"document:main.cpp\\"}
{\\"id\\":\\"resultSet:main.cpp:6:13\\",\\"label\\":\\"resultSet\\",\\"type\\":\\"vertex\\"}
{\\"id\\":\\"next:main.cpp:6:13\\",\\"type\\":\\"edge\\",\\"label\\":\\"next\\",\\"outV\\":\\"main.cpp:6:13\\",\\"inV\\":\\"resultSet:main.cpp:6:13\\"}
{\\"id\\":\\"definition:main.cpp:6:13\\",\\"label\\":\\"definitionResult\\",\\"type\\":\\"vertex\\"}
{\\"id\\":\\"textDocument/definition:main.cpp:6:13\\",\\"type\\":\\"edge\\",\\"label\\":\\"textDocument/definition\\",\\"outV\\":\\"resultSet:main.cpp:6:13\\",\\"inV\\":\\"definition:main.cpp:6:13\\"}
{\\"id\\":\\"item:textDocument/definition:main.cpp:6:13\\",\\"type\\":\\"edge\\",\\"label\\":\\"item\\",\\"outV\\":\\"definition:main.cpp:6:13\\",\\"inVs\\":[\\"main.cpp:6:13\\"],\\"document\\":\\"document:main.cpp\\"}
{\\"id\\":\\"reference:main.cpp:6:13\\",\\"label\\":\\"referenceResult\\",\\"type\\":\\"vertex\\"}
{\\"id\\":\\"textDocument/references:main.cpp:6:13\\",\\"type\\":\\"edge\\",\\"label\\":\\"textDocument/references\\",\\"outV\\":\\"resultSet:main.cpp:6:13\\",\\"inV\\":\\"reference:main.cpp:6:13\\"}
{\\"id\\":\\"item:textDocument/references:definitions:main.cpp:6:13\\",\\"type\\":\\"edge\\",\\"label\\":\\"item\\",\\"outV\\":\\"reference:main.cpp:6:13\\",\\"inVs\\":[\\"main.cpp:6:13\\"],\\"property\\":\\"definitions\\",\\"document\\":\\"document:main.cpp\\"}
{\\"id\\":\\"next:main.cpp:7:9\\",\\"type\\":\\"edge\\",\\"label\\":\\"next\\",\\"outV\\":\\"main.cpp:7:9\\",\\"inV\\":\\"resultSet:main.cpp:6:13\\"}
{\\"id\\":\\"item:textDocument/references:references:main.cpp:6:13:main.cpp\\",\\"type\\":\\"edge\\",\\"label\\":\\"item\\",\\"outV\\":\\"reference:main.cpp:6:13\\",\\"inVs\\":[\\"main.cpp:7:9\\"],\\"property\\":\\"references\\",\\"document\\":\\"document:main.cpp\\"}
{\\"id\\":\\"resultSet:main.cpp:4:4\\",\\"label\\":\\"resultSet\\",\\"type\\":\\"vertex\\"}
{\\"id\\":\\"next:main.cpp:4:4\\",\\"type\\":\\"edge\\",\\"label\\":\\"next\\",\\"outV\\":\\"main.cpp:4:4\\",\\"inV\\":\\"resultSet:main.cpp:4:4\\"}
{\\"id\\":\\"definition:main.cpp:4:4\\",\\"label\\":\\"definitionResult\\",\\"type\\":\\"vertex\\"}
{\\"id\\":\\"textDocument/definition:main.cpp:4:4\\",\\"type\\":\\"edge\\",\\"label\\":\\"textDocument/definition\\",\\"outV\\":\\"resultSet:main.cpp:4:4\\",\\"inV\\":\\"definition:main.cpp:4:4\\"}
{\\"id\\":\\"item:textDocument/definition:main.cpp:4:4\\",\\"type\\":\\"edge\\",\\"label\\":\\"item\\",\\"outV\\":\\"definition:main.cpp:4:4\\",\\"inVs\\":[\\"main.cpp:4:4\\"],\\"document\\":\\"document:main.cpp\\"}
{\\"id\\":\\"reference:main.cpp:4:4\\",\\"label\\":\\"referenceResult\\",\\"type\\":\\"vertex\\"}
{\\"id\\":\\"textDocument/references:main.cpp:4:4\\",\\"type\\":\\"edge\\",\\"label\\":\\"textDocument/references\\",\\"outV\\":\\"resultSet:main.cpp:4:4\\",\\"inV\\":\\"reference:main.cpp:4:4\\"}
{\\"id\\":\\"item:textDocument/references:definitions:main.cpp:4:4\\",\\"type\\":\\"edge\\",\\"label\\":\\"item\\",\\"outV\\":\\"reference:main.cpp:4:4\\",\\"inVs\\":[\\"main.cpp:4:4\\"],\\"property\\":\\"definitions\\",\\"document\\":\\"document:main.cpp\\"}
{\\"id\\":\\"next:main.cpp:11:7\\",\\"type\\":\\"edge\\",\\"label\\":\\"next\\",\\"outV\\":\\"main.cpp:11:7\\",\\"inV\\":\\"resultSet:main.cpp:4:4\\"}
{\\"id\\":\\"next:main.cpp:12:7\\",\\"type\\":\\"edge\\",\\"label\\":\\"next\\",\\"outV\\":\\"main.cpp:12:7\\",\\"inV\\":\\"resultSet:main.cpp:4:4\\"}
{\\"id\\":\\"item:textDocument/references:references:main.cpp:4:4:main.cpp\\",\\"type\\":\\"edge\\",\\"label\\":\\"item\\",\\"outV\\":\\"reference:main.cpp:4:4\\",\\"inVs\\":[\\"main.cpp:11:7\\",\\"main.cpp:12:7\\"],\\"property\\":\\"references\\",\\"document\\":\\"document:main.cpp\\"}
{\\"id\\":\\"resultSet:main.cpp:6:4\\",\\"label\\":\\"resultSet\\",\\"type\\":\\"vertex\\"}
{\\"id\\":\\"next:main.cpp:6:4\\",\\"type\\":\\"edge\\",\\"label\\":\\"next\\",\\"outV\\":\\"main.cpp:6:4\\",\\"inV\\":\\"resultSet:main.cpp:6:4\\"}
{\\"id\\":\\"definition:main.cpp:6:4\\",\\"label\\":\\"definitionResult\\",\\"type\\":\\"vertex\\"}
{\\"id\\":\\"textDocument/definition:main.cpp:6:4\\",\\"type\\":\\"edge\\",\\"label\\":\\"textDocument/definition\\",\\"outV\\":\\"resultSet:main.cpp:6:4\\",\\"inV\\":\\"definition:main.cpp:6:4\\"}
{\\"id\\":\\"item:textDocument/definition:main.cpp:6:4\\",\\"type\\":\\"edge\\",\\"label\\":\\"item\\",\\"outV\\":\\"definition:main.cpp:6:4\\",\\"inVs\\":[\\"main.cpp:6:4\\"],\\"document\\":\\"document:main.cpp\\"}
{\\"id\\":\\"reference:main.cpp:6:4\\",\\"label\\":\\"referenceResult\\",\\"type\\":\\"vertex\\"}
{\\"id\\":\\"textDocument/references:main.cpp:6:4\\",\\"type\\":\\"edge\\",\\"label\\":\\"textDocument/references\\",\\"outV\\":\\"resultSet:main.cpp:6:4\\",\\"inV\\":\\"reference:main.cpp:6:4\\"}
{\\"id\\":\\"item:textDocument/references:definitions:main.cpp:6:4\\",\\"type\\":\\"edge\\",\\"label\\":\\"item\\",\\"outV\\":\\"reference:main.cpp:6:4\\",\\"inVs\\":[\\"main.cpp:6:4\\"],\\"property\\":\\"definitions\\",\\"document\\":\\"document:main.cpp\\"}
{\\"id\\":\\"next:main.cpp:12:2\\",\\"type\\":\\"edge\\",\\"label\\":\\"next\\",\\"outV\\":\\"main.cpp:12:2\\",\\"inV\\":\\"resultSet:main.cpp:6:4\\"}
{\\"id\\":\\"item:textDocument/references:references:main.cpp:6:4:main.cpp\\",\\"type\\":\\"edge\\",\\"label\\":\\"item\\",\\"outV\\":\\"reference:main.cpp:6:4\\",\\"inVs\\":[\\"main.cpp:12:2\\"],\\"property\\":\\"references\\",\\"document\\":\\"document:main.cpp\\"}
{\\"id\\":\\"resultSet:five.h:0:4\\",\\"label\\":\\"resultSet\\",\\"type\\":\\"vertex\\"}
{\\"id\\":\\"next:five.h:0:4\\",\\"type\\":\\"edge\\",\\"label\\":\\"next\\",\\"outV\\":\\"five.h:0:4\\",\\"inV\\":\\"resultSet:five.h:0:4\\"}
{\\"id\\":\\"definition:five.h:0:4\\",\\"label\\":\\"definitionResult\\",\\"type\\":\\"vertex\\"}
{\\"id\\":\\"textDocument/definition:five.h:0:4\\",\\"type\\":\\"edge\\",\\"label\\":\\"textDocument/definition\\",\\"outV\\":\\"resultSet:five.h:0:4\\",\\"inV\\":\\"definition:five.h:0:4\\"}
{\\"id\\":\\"item:textDocument/definition:five.h:0:4\\",\\"type\\":\\"edge\\",\\"label\\":\\"item\\",\\"outV\\":\\"definition:five.h:0:4\\",\\"inVs\\":[\\"five.h:0:4\\"],\\"document\\":\\"document:five.h\\"}
{\\"id\\":\\"reference:five.h:0:4\\",\\"label\\":\\"referenceResult\\",\\"type\\":\\"vertex\\"}
{\\"id\\":\\"textDocument/references:five.h:0:4\\",\\"type\\":\\"edge\\",\\"label\\":\\"textDocument/references\\",\\"outV\\":\\"resultSet:five.h:0:4\\",\\"inV\\":\\"reference:five.h:0:4\\"}
{\\"id\\":\\"item:textDocument/references:definitions:five.h:0:4\\",\\"type\\":\\"edge\\",\\"label\\":\\"item\\",\\"outV\\":\\"reference:five.h:0:4\\",\\"inVs\\":[\\"five.h:0:4\\"],\\"property\\":\\"definitions\\",\\"document\\":\\"document:five.h\\"}
{\\"id\\":\\"next:main.cpp:13:7\\",\\"type\\":\\"edge\\",\\"label\\":\\"next\\",\\"outV\\":\\"main.cpp:13:7\\",\\"inV\\":\\"resultSet:five.h:0:4\\"}
{\\"id\\":\\"item:textDocument/references:references:five.h:0:4:main.cpp\\",\\"type\\":\\"edge\\",\\"label\\":\\"item\\",\\"outV\\":\\"reference:five.h:0:4\\",\\"inVs\\":[\\"main.cpp:13:7\\"],\\"property\\":\\"references\\",\\"document\\":\\"document:main.cpp\\"}
{\\"id\\":\\"resultSet:five.cpp:2:4\\",\\"label\\":\\"resultSet\\",\\"type\\":\\"vertex\\"}
{\\"id\\":\\"next:five.cpp:2:4\\",\\"type\\":\\"edge\\",\\"label\\":\\"next\\",\\"outV\\":\\"five.cpp:2:4\\",\\"inV\\":\\"resultSet:five.cpp:2:4\\"}
{\\"id\\":\\"definition:five.cpp:2:4\\",\\"label\\":\\"definitionResult\\",\\"type\\":\\"vertex\\"}
{\\"id\\":\\"textDocument/definition:five.cpp:2:4\\",\\"type\\":\\"edge\\",\\"label\\":\\"textDocument/definition\\",\\"outV\\":\\"resultSet:five.cpp:2:4\\",\\"inV\\":\\"definition:five.cpp:2:4\\"}
{\\"id\\":\\"item:textDocument/definition:five.cpp:2:4\\",\\"type\\":\\"edge\\",\\"label\\":\\"item\\",\\"outV\\":\\"definition:five.cpp:2:4\\",\\"inVs\\":[\\"five.cpp:2:4\\"],\\"document\\":\\"document:five.cpp\\"}
{\\"id\\":\\"reference:five.cpp:2:4\\",\\"label\\":\\"referenceResult\\",\\"type\\":\\"vertex\\"}
{\\"id\\":\\"textDocument/references:five.cpp:2:4\\",\\"type\\":\\"edge\\",\\"label\\":\\"textDocument/references\\",\\"outV\\":\\"resultSet:five.cpp:2:4\\",\\"inV\\":\\"reference:five.cpp:2:4\\"}
{\\"id\\":\\"item:textDocument/references:definitions:five.cpp:2:4\\",\\"type\\":\\"edge\\",\\"label\\":\\"item\\",\\"outV\\":\\"reference:five.cpp:2:4\\",\\"inVs\\":[\\"five.cpp:2:4\\"],\\"property\\":\\"definitions\\",\\"document\\":\\"document:five.cpp\\"}
{\\"id\\":\\"next:five.h:1:4\\",\\"type\\":\\"edge\\",\\"label\\":\\"next\\",\\"outV\\":\\"five.h:1:4\\",\\"inV\\":\\"resultSet:five.cpp:2:4\\"}
{\\"id\\":\\"next:main.cpp:11:2\\",\\"type\\":\\"edge\\",\\"label\\":\\"next\\",\\"outV\\":\\"main.cpp:11:2\\",\\"inV\\":\\"resultSet:five.cpp:2:4\\"}
{\\"id\\":\\"next:main.cpp:13:2\\",\\"type\\":\\"edge\\",\\"label\\":\\"next\\",\\"outV\\":\\"main.cpp:13:2\\",\\"inV\\":\\"resultSet:five.cpp:2:4\\"}
{\\"id\\":\\"item:textDocument/references:references:five.cpp:2:4:five.h\\",\\"type\\":\\"edge\\",\\"label\\":\\"item\\",\\"outV\\":\\"reference:five.cpp:2:4\\",\\"inVs\\":[\\"five.h:1:4\\"],\\"property\\":\\"references\\",\\"document\\":\\"document:five.h\\"}
{\\"id\\":\\"item:textDocument/references:references:five.cpp:2:4:main.cpp\\",\\"type\\":\\"edge\\",\\"label\\":\\"item\\",\\"outV\\":\\"reference:five.cpp:2:4\\",\\"inVs\\":[\\"main.cpp:11:2\\",\\"main.cpp:13:2\\"],\\"property\\":\\"references\\",\\"document\\":\\"document:main.cpp\\"}
{\\"id\\":\\"contains:main.cpp\\",\\"type\\":\\"edge\\",\\"label\\":\\"contains\\",\\"outV\\":\\"document:main.cpp\\",\\"inVs\\":[\\"main.cpp:2:8\\",\\"main.cpp:4:8\\",\\"main.cpp:6:13\\",\\"main.cpp:7:9\\",\\"main.cpp:11:2\\",\\"main.cpp:4:4\\",\\"main.cpp:11:7\\",\\"main.cpp:6:4\\",\\"main.cpp:12:2\\",\\"main.cpp:12:7\\",\\"main.cpp:13:2\\",\\"main.cpp:13:7\\"]}
{\\"id\\":\\"documentEnd:main.cpp\\",\\"data\\":\\"document:main.cpp\\",\\"type\\":\\"vertex\\",\\"label\\":\\"$event\\",\\"kind\\":\\"end\\",\\"scope\\":\\"document\\"}
{\\"id\\":\\"contains:five.h\\",\\"type\\":\\"edge\\",\\"label\\":\\"contains\\",\\"outV\\":\\"document:five.h\\",\\"inVs\\":[\\"five.h:1:4\\",\\"five.h:0:4\\"]}
{\\"id\\":\\"documentEnd:five.h\\",\\"data\\":\\"document:five.h\\",\\"type\\":\\"vertex\\",\\"label\\":\\"$event\\",\\"kind\\":\\"end\\",\\"scope\\":\\"document\\"}
{\\"id\\":\\"contains:five.cpp\\",\\"type\\":\\"edge\\",\\"label\\":\\"contains\\",\\"outV\\":\\"document:five.cpp\\",\\"inVs\\":[\\"five.cpp:2:4\\"]}
{\\"id\\":\\"documentEnd:five.cpp\\",\\"data\\":\\"document:five.cpp\\",\\"type\\":\\"vertex\\",\\"label\\":\\"$event\\",\\"kind\\":\\"end\\",\\"scope\\":\\"document\\"}
{\\"id\\":\\"projectContains\\",\\"type\\":\\"edge\\",\\"label\\":\\"contains\\",\\"outV\\":\\"project\\",\\"inVs\\":[\\"document:main.cpp\\",\\"document:five.h\\",\\"document:five.cpp\\"]}
{\\"id\\":\\"projectEnd\\",\\"data\\":\\"project\\",\\"type\\":\\"vertex\\",\\"label\\":\\"$event\\",\\"kind\\":\\"end\\",\\"scope\\":\\"project\\"}"
`;
